<!DOCTYPE HTML>
<html>
	<head>
		<meta charset="UTF-8">
		<script src="jquery-1.12.3.min.js"></script>
		<script language="javascript" type="text/javascript">
			$(document).ready(function(){ 
				$(".header").load("header.php"); 
			}); 
		</script>
	</head>
	<body>

		<div class = "header">
<!-- 			load the tltle and navigation bar -->
		</div>

<!-- 		body -->
		<div>
			<table border = "1">
<!-- 				text -->
				<tr>
<!-- 					first paragraph -->
					<td style="width:700px">
					<div>
						<p> GO was conceived by Marty Kaminsky, a veteran Ithaca City School District elementary school teacher and 25-year tutor, as a way to provide effective, cost-free tutoring. GO has been in existence since 2005. <br>
						Golden Opportunity, GO, Inc. is a 501(c)(3) not-for-profit corporation.</p>
					</div>
<!-- 					second paragraph -->
					<div>
						<p>Board of Directors<br>
							Andrew Yale (Chair), Ann Halpern, Susan Barnett (Treasurer), Kathy Kelly (Secretary), Patty Kiely, Laura Andolina, Megan Bradley, Ann Sullivan, Elizabeth Einstein, Sheryl Goldberg, Janet McCue<br>
							Academic Advisors<br>
							Dr. Wendy Williams, Cornell University, Department of Human Development; Emily Hess, Ithaca College, Department of Education.</p>
					</div>
					</td>

<!-- 				img and website -->
				<td>
					<img src = "img/marty_kaminsky.jpeg" class="photo">
					<p>Marty Kaminsky<p>
					<p>Photo-courtesy of</p>
					<a href="http://www.daveburbankphotography.com/">http://www.daveburbankphotography.com</a>
				</td>
			</tr>
		</table>
			</div>
<!-- 			footer -->
			<div style="text-align: center">
				<p>Photos courtesy of Jo Todd unless otherwise ascribed</p>
			</div>
			<br>
		</div>
