<!DOCTYPE HTML>
<html>
	<head>
		<meta charset="UTF-8">
		<script src="jquery-1.12.3.min.js"></script>
		<script language="javascript" type="text/javascript">
			$(document).ready(function(){ 
				$(".header").load("header.php"); 
			}); 
		</script>
	</head>
	<body>

		<div class = "header">
<!-- 			load the tltle and navigation bar -->
		</div>

<!-- 		body -->
		<div>
			<div >
				<div>
					<p>For more information about the program or starting a similar program in your locale, please contact: </p>
				</div>
				<div style="float:left; width:500px; padding-left:50px">
					<img src = "img/marty_kaminsky.jpeg" class="photo">
					<p>
						Marty Kaminsky, Program Director<br>
						Phone: 607-273-6656<br>
						E-mail: <a href = "mailto:gotutors77@gmail.com ">gotutors77@gmail.com </a>
					</p>
				</div>
				<div style="float:right; padding-right:300px">
					<img src = "img/_BP16360.jpeg">
				</div>
				<div style="clear: left;"/>
<!-- 			footer -->
			<div style="text-align: center">
				<p>Photos courtesy of Jo Todd unless otherwise ascribed</p>
			</div>
			<br>
		</div>
	</body>
</html>