<!DOCTYPE HTML>
<html>
	<head>
		<meta charset="UTF-8">
		<script src="jquery-1.12.3.min.js"></script>
		<script language="javascript" type="text/javascript">
			$(document).ready(function(){ 
				$(".header").load("header.php"); 
			}); 
		</script>
	</head>
	<body>

		<div class = "header">
<!-- 			load the tltle and navigation bar -->
		</div>

<!-- 		body -->
		<div>
			<table border = "1">
				<tr>
					<td>
						<img src = "img/Caroline.jpg">
					</td>
					<td style="width:700px">
						<p>Students eligible for GO tutoring are children in all Ithaca City School District's elementary and middle schools. Students are selected based upon need for academic assistance, family ability to afford tutoring, and classroom teacher recommendation.</p>
					</td>
				</tr>
			</table>
<!-- 			footer -->
			<div style="text-align: center">
				<p>Photos courtesy of Jo Todd unless otherwise ascribed</p>
			</div>
			<br>
		</div>
