<!DOCTYPE HTML>
<html>
	<head>
		<meta charset="UTF-8">
		<script src="jquery-1.12.3.min.js"></script>
		<script language="javascript" type="text/javascript">
			$(document).ready(function(){ 
				$(".header").load("header.php"); 
			}); 
		</script>
	</head>
	<body>

		<div class = "header">
<!-- 			load the tltle and navigation bar -->
		</div>

<!-- 		body -->
		<div>
		<h4>
			<div class="intro" style="float:left; padding-left:50px">
				<iframe width="500" height="281" scrolling="no" frameborder="0" id="814670336" name="814670336" allowtransparency="true" class="igm" src="//mj89sp3sau2k7lj1eg3k40hkeppguj6j-a-sites-opensocial.googleusercontent.com/gadgets/ifr?url=http://www.gstatic.com/sites-gadgets/iframe/iframe.xml&amp;container=enterprise&amp;view=default&amp;lang=en&amp;country=ALL&amp;sanitize=0&amp;v=1cbf636963b6b8f8&amp;libs=core&amp;parent=https://sites.google.com/site/gold4students/#up_scroll=auto&amp;up_iframeURL=//player.vimeo.com/video/93194386&amp;st=e%3DAIHE3cCYR0Y8DrVxJ63BN4opoqnqfimnG7wPFh2ziir%252Fb9s61xTj7oahxloRrbdlQGUOv4%252B5CiAYlR2gTaefgz1moRzfzZ5Sd4u%252BilvSpEQRHu0izTNQOuC9qA7N7ToFYvzXoHhnjXBk%26c%3Denterprise&amp;rpctoken=5351319116724919140"></iframe>
			</div>
			<div style="float:right; width:500px; padding-right:200px">
				<p><a href = "https://soundcloud.com/whcu-radio/20160129martykaminsky">WHCU interview</a>
					with GO's founder, Marty Kaminsky 1-29-2016<br>
					Golden Opportunity (GO) is a not-for-profit tutoring program providing academic support for elementary and middle school students in the Ithaca City School District.<br>
					GO tutors are primarily retired teachers who are carefully matched with students to create an ideal fit. The selected youngsters have been referred by their teachers. Dedicated tutors work with their students throughout their elementary school years--most continuing into middle school.</p>
			</div>

			<div style="clear: left;"/> 
		</h4>
		<br>

			<h4> 
				<div style="float:left; padding-left:50px">
					<img src = "img/john.jpg"/>
				</div> 
				<div style="float:right; width:500px; padding-right:250px"> 
					<br><br>
					<p>The continuity of tutor/student relationship, along with the trust, insight, and compassion established between tutor and student over a period of years, make this program unique and effective.<p>
				</div> 
				<div style="clear: left;"/> 
			</h4>


			<h4> 
				<div style="float:left; width:500px; padding-left:50px"> 
					<br><br>
					<p>Retired teachers bring years of professional expertise to their students, accelerating learning progress. GO provides 60 hours per school year of direct one-on-one tutoring for each student during after school hours. Research shows such relationships foster student self-esteem and academic success.</p>
				</div> 
				<div style="float:right; padding-right:250px">
					<img src = "img/dictionary.jpg">
				</div> 
				<div style="clear: left;"/> 
			</h4>

			<br><br><br><br><br><br><br><br><br><br>
			<!-- <div>
				<p>Retired teachers bring years of professional expertise to their students, accelerating learning progress. GO provides 60 hours per school year of direct one-on-one tutoring for each student during after school hours. Research shows such relationships foster student self-esteem and academic success.</p>
				
			</div> -->
<!-- 				footer -->
			<div style="text-align: center">
				<p>Photos courtesy of Jo Todd unless otherwise ascribed</p>
			</div>
			<br>
		</div>

		<script src="js/bootstrap.min.js"></script>
	</body>
</html>