<!DOCTYPE HTML>
<html>
	<head>
		<meta charset="UTF-8">
		<script src="jquery-1.12.3.min.js"></script>
		<script language="javascript" type="text/javascript">
			$(document).ready(function(){ 
				$(".header").load("header.php"); 
			}); 
		</script>
	</head>
	<body>

		<div class = "header">
<!-- 			load the tltle and navigation bar -->
		</div>

<!-- 		body -->
		<div style="width:1000px">
			<table border = "1">
				<tr>
					<td style="width:600px; padding-left:20px">
						<p>
							GO operates with minimal administrative costs. Your contribution will be used to pay tutors an hourly stipend. The cost to tutor a GO student for one academic year is $1,700. Your donation will help us reach more students.
						</p>

						<p>
							<a href = "https://729a7149-a-62cb3a1a-s-sites.googlegroups.com/site/gold4students/GoContribForm.pdf?attachauth=ANoY7cp0Nke91f0VUVJIqQalvuAbbjYh4gQi16lj0lLDCkX9Taa8ro7z9KMHK2abXFB4QomVF5FV4p6z-_wO0PeyeCGVSJg4nakDtSXn5Jue3U40QPkqXUjFBkr3irqthTtbrbNOXf1-Y14Xs0WjMBRiBb2h3NESVpMjJLlLFv5-nM934FwdEM_SIU1UnL_oaBpIYL-vfyBkZy2fQmJPEinnbCtiPnxQlA%3D%3D&attredirects=0"> Print a Contribution Form</a>
							or Donate Online via the link below.
						</p>
						<a  href = "https://www.paypal.com/cgi-bin/webscr?cmd=_s-xclick&hosted_button_id=EC2MPY7TRJ87W">
							<img src = "img/btn_donateCC_LG.gif">
						</a>
					</td>
					<td>
						<img src = "img/Kip.jpg" class="photo">
					</td>
				</tr>
			</table>

			<div>
				<a href = "https://docs.google.com/document/u/1/d/1NaucBYcOdtNvWzxYCR0oVkjwVAzQ1BINDhedtMy0rnM/edit?usp=sharing"> 
					List of GO Contributors, 2014-2015
				</a><br>

				<a href = "https://docs.google.com/document/u/1/d/1ffHnaA877AbIhb6sEAoIua4K5tTMz9Fg_fY9TGq_tfk/edit?usp=sharing">
					List of Go Contributors, 2013-2014
				</a>
			</div>
<!-- 			footer -->
			<div style="text-align: center">
				<p>Photos courtesy of Jo Todd unless otherwise ascribed</p>
			</div>
			<br>
		</div>
